{"a": 226233, "c": 252673, "b": 203903, "e": 228361, "d": 181009, "g": 202972, "f": 189049, "i": 216873, "h": 198811, "k": 187271, "j": 286834, "m": 197925, "l": 210726, "o": 158082, "n": 184803, "q": 212504, "p": 184902, "s": 146815, "r": 186473, "u": 167304, "t": 157448, "w": 215043, "v": 234102, "y": 256124, "x": 205085, "z": 137621}